+ distronode-playbook -i inventory test.yml
++ set +x
